// Jest Snapshot v1, https://goo.gl/fbAQLP

exports[`App Test matches a snapshot 1`] = `
Array [
  <h1>
     Hello world
  </h1>,
  <label>
    FONT COLOR
    <input
      name="FontColor"
      onChange={[Function]}
      type="color"
    />
  </label>,
  <label>
    BACKGROUND COLOR
    <input
      name="BackgroundColor"
      onChange={[Function]}
      type="color"
    />
  </label>,
  <label>
    IMAGE TEXT
    <input
      name="ImageText"
      onChange={[Function]}
      type="text"
    />
  </label>,
  <div
    style={
      Object {
        "background": "white",
        "color": "black",
        "height": "100px",
        "width": "100px",
      }
    }
  >
    
  </div>,
]
`;
