// Jest Snapshot v1, https://goo.gl/fbAQLP

exports[`Color matches a snapshot 1`] = `
<input
  name="color"
  type="color"
/>
`;
