// Jest Snapshot v1, https://goo.gl/fbAQLP

exports[`TextInput matches a snapshot 1`] = `
<input
  name="text"
  type="text"
/>
`;
