// Jest Snapshot v1, https://goo.gl/fbAQLP

exports[`TextSelector matches a snapshot 1`] = `
<form>
  <label>
    <span>
      Text:
    </span>
    <input
      name="text"
      type="text"
    />
  </label>
</form>
`;
